# /usr/cbs/bio/src/netMHCpan-3.0//Linux_x86_64/bin/netMHCpan -p test.pep
# Wed Sep 30 03:38:03 2015
# User: mniel
# PWD : /usr/cbs/bio/src/netMHCpan-3.0/test
# Host: Linux service0 2.6.32.12-0.7-default x86_64
# -p       1                    Use peptide input
# Command line parameters set to:
#	[-rdir filename]     /usr/cbs/bio/src/netMHCpan-3.0//Linux_x86_64 Home directory for NetMHpan
#	[-syn filename]      /usr/cbs/bio/src/netMHCpan-3.0//Linux_x86_64/data/synlist Synaps file
#	[-v]                 0                    Verbose mode
#	[-dirty]             0                    Dirty mode, leave tmp dir+files
#	[-tdir filename]     /scratch             Temporary directory (Default $$)
#	[-hlapseudo filename] /usr/cbs/bio/src/netMHCpan-3.0//Linux_x86_64/data/MHC_pseudo.dat File with HLA pseudo sequences
#	[-hlaseq filename]                        File with full length HLA sequences
#	[-a line]            HLA-A02:01           HLA allele
#	[-f filename]                             File name with input
#	[-w]                 0                    w option for webface
#	[-s]                 0                    Sort output on descending affinity
#	[-p]                 1                    Use peptide input
#	[-rth float]         0.500000             Rank Threshold for high binding peptides
#	[-rlt float]         2.000000             Rank Threshold for low binding peptides
#	[-l string]          8,9,10,11            Peptide length [8-11] (multiple length with ,)
#	[-xls]               0                    Save output to xls file
#	[-xlsfile filename]  NetMHCpan_out.xls    Filename for xls dump
#	[-t float]           -99.900002           Threshold for output
#	[-thrfmt filename]   /usr/cbs/bio/src/netMHCpan-3.0//Linux_x86_64/data/threshold/%s.thr Format for threshold filenames
#	[-expfix]            0                    Exclude prefix from synlist
#	[-version filename]  /usr/cbs/bio/src/netMHCpan-3.0//Linux_x86_64/data/version File with version information
#	[-inptype int]       0                    Input type [0] FASTA [1] Peptide
#	[-listMHC]           0                    Print list of alleles included in netMHCpan
#	[-allname filename]  /usr/cbs/bio/src/netMHCpan-3.0//Linux_x86_64/data/allelenames File with print names for alleles

# NetMHCpan version 3.0

# Input is in PEPTIDE format

HLA-A02:01 : Distance to training data  0.000 (using nearest neighbor HLA-A02:01)

# Rank Threshold for Strong binding peptides   0.500
# Rank Threshold for Weak binding peptides   2.000
-----------------------------------------------------------------------------------
  Pos          HLA         Peptide       Core Of Gp Gl Ip Il        Icore        Identity   Score Aff(nM)   %Rank  BindLevel
-----------------------------------------------------------------------------------
    1  HLA-A*02:01       AAAWYLWEV  AAAWYLWEV  0  0  0  0  0    AAAWYLWEV         PEPLIST 0.82824     6.4    0.06 <= SB
    1  HLA-A*02:01       AAGLQDCTM  AAGLQDCTM  0  0  0  0  0    AAGLQDCTM         PEPLIST 0.03921 32713.2   42.00
    1  HLA-A*02:01       AARNIVRRA  AARNIVRRA  0  0  0  0  0    AARNIVRRA         PEPLIST 0.03060 35908.7   50.00
    1  HLA-A*02:01       AARPDDPTL  AARPDDPTL  0  0  0  0  0    AARPDDPTL         PEPLIST 0.04378 31136.4   39.00
    1  HLA-A*02:01       AASCGGAVF  AASCGGAVF  0  0  0  0  0    AASCGGAVF         PEPLIST 0.06123 25776.8   30.00
    1  HLA-A*02:01       AASKQQMLM  AASKQQMLM  0  0  0  0  0    AASKQQMLM         PEPLIST 0.06531 24664.2   29.00
    1  HLA-A*02:01       AASSTHRKV  AASSTHRKV  0  0  0  0  0    AASSTHRKV         PEPLIST 0.05633 27182.6   32.00
    1  HLA-A*02:01       AEALLADGL  AEALLADGL  0  0  0  0  0    AEALLADGL         PEPLIST 0.05376 27947.0   33.00
    1  HLA-A*02:01       AEESLSLEA  AEESLSLEA  0  0  0  0  0    AEESLSLEA         PEPLIST 0.02708 37299.9   55.00
    1  HLA-A*02:01       AEFGPWQTV  AEFGPWQTV  0  0  0  0  0    AEFGPWQTV         PEPLIST 0.14872 10003.0   13.00
-----------------------------------------------------------------------------------

Protein PEPLIST. Allele HLA-A*02:01. Number of high binders 1. Number of weak binders 0. Number of peptides 10

-----------------------------------------------------------------------------------
